[
  {
    "kind": "DeclareLocal",
    "mutable": false,
    "name": "toto",
    "value": {
      "kind": "Record",
      "entries": []
    }
  },
  {
    "kind": "Assign",
    "address": {
      "kind": "Attribute",
      "key": "property",
      "value": {
        "kind": "Local",
        "name": "toto"
      }
    },
    "value": "value"
  },
  {
    "kind": "Attribute",
    "key": "property",
    "value": {
      "kind": "Local",
      "name": "toto"
    }
  }
]