<program>
  <assign>
    <local />
    <literal />
  </assign>
</program>
