<program>
  <function>
    <binaryoperator>
      <local />
      <local />
    </binaryoperator>
  </function>
</program>
