[
  {
    "kind": "If",
    "condition": {
      "kind": "BinaryOperator",
      "operator": "==",
      "right": 1,
      "left": {
        "kind": "Local",
        "name": "a"
      }
    },
    "ifTrue": {
      "kind": "Block",
      "children": [
        "ok1"
      ]
    },
    "ifFalse": {
      "kind": "If",
      "condition": {
        "kind": "BinaryOperator",
        "operator": "==",
        "right": 2,
        "left": {
          "kind": "Local",
          "name": "a"
        }
      },
      "ifTrue": {
        "kind": "Block",
        "children": [
          "ok2-1",
          "ok2-2"
        ]
      },
      "ifFalse": {
        "kind": "If",
        "condition": {
          "kind": "BinaryOperator",
          "operator": "==",
          "right": 3,
          "left": {
            "kind": "Local",
            "name": "a"
          }
        },
        "ifTrue": {
          "kind": "Block",
          "children": [
            "ok3"
          ]
        },
        "ifFalse": {
          "kind": "Block",
          "children": [
            "ko2",
            "ko2"
          ]
        }
      }
    }
  }
]