[
  {
    "kind": "Index",
    "index": 0,
    "value": {
      "kind": "Array",
      "value": [
        1
      ]
    }
  }
]