[
  {
    "kind": "Block",
    "children": [
      {
        "kind": "Local",
        "name": "letwww"
      }
    ]
  },
  {
    "kind": "Block",
    "children": [
      {
        "kind": "Local",
        "name": "setwww"
      }
    ]
  },
  {
    "kind": "Block",
    "children": [
      {
        "kind": "Local",
        "name": "ifwww"
      }
    ]
  },
  {
    "kind": "Block",
    "children": [
      {
        "kind": "Local",
        "name": "varwww"
      }
    ]
  }
]