<program>
  <kindedrecord>
    <local />
    <local />
    <record>
      <recordentry>
        <literal />
      </recordentry>
    </record>
  </kindedrecord>
</program>
