[
  {
    "kind": "BinaryOperator",
    "operator": "+",
    "right": " Toto",
    "left": {
      "kind": "Call",
      "args": [],
      "value": {
        "kind": "Local",
        "name": "give_hello"
      }
    }
  }
]