<program>
  <call>
    <local />
  </call>
</program>
