<program>
  <declarelocal>
    <function>
      <block>
        <local />
      </block>
    </function>
  </declarelocal>
  <declarelocal>
    <function>
      <block>
        <declarelocal>
          <literal />
        </declarelocal>
        <call>
          <local />
        </call>
      </block>
    </function>
  </declarelocal>
  <call>
    <local />
  </call>
</program>
