main: 
  BLOCK
    DECLARE_LOCAL {"name":"toto","mutable":true}
    SET_LOCAL {"name":"toto"}
      LITERAL {"value":"value"}
    LOCAL {"name":"toto"}
