main: 
  undefined {"entry":[{"kind":"Literal","value":null},{"kind":"Literal","value":null},{"kind":"Literal","value":null},{"kind":"Literal","location":{"start":{"offset":30,"line":1,"column":31},"end":{"offset":32,"line":1,"column":33}},"value":0},{"kind":"MakeRecord","location":{"start":{"offset":30,"line":1,"column":31},"end":{"offset":32,"line":1,"column":33}}},{"kind":"Literal","location":{"start":{"offset":11,"line":1,"column":12},"end":{"offset":33,"line":1,"column":34}},"value":4},{"kind":"MakeArray","location":{"start":{"offset":11,"line":1,"column":12},"end":{"offset":33,"line":1,"column":34}}},{"kind":"DeclareLocal","location":{"start":{"offset":0,"line":1,"column":1},"end":{"offset":33,"line":1,"column":34}},"name":"toto","mutable":false,"hasInitialValue":true},{"kind":"Pop","location":{"start":{"offset":0,"line":1,"column":1},"end":{"offset":33,"line":1,"column":34}},"inBlock":false},{"kind":"Literal","value":3},{"kind":"DeclareLocal","location":{"start":{"offset":34,"line":2,"column":1},"end":{"offset":47,"line":2,"column":14}},"name":"index","mutable":false,"hasInitialValue":true},{"kind":"Pop","location":{"start":{"offset":34,"line":2,"column":1},"end":{"offset":47,"line":2,"column":14}},"inBlock":false},{"kind":"Local","location":{"start":{"offset":57,"line":3,"column":10},"end":{"offset":62,"line":3,"column":15}},"name":"index"},{"kind":"Local","location":{"start":{"offset":52,"line":3,"column":5},"end":{"offset":56,"line":3,"column":9}},"name":"toto"},{"kind":"Index","location":{"start":{"offset":56,"line":3,"column":9},"end":{"offset":63,"line":3,"column":16}}},{"kind":"Literal","value":"value"},{"kind":"SetAttribute","location":{"start":{"offset":48,"line":3,"column":1},"end":{"offset":82,"line":3,"column":35}},"name":"property","forceRender":true},{"kind":"Pop","location":{"start":{"offset":48,"line":3,"column":1},"end":{"offset":82,"line":3,"column":35}},"inBlock":false},{"kind":"Literal","value":3},{"kind":"Local","location":{"start":{"offset":83,"line":4,"column":1},"end":{"offset":87,"line":4,"column":5}},"name":"toto"},{"kind":"Index","location":{"start":{"offset":87,"line":4,"column":5},"end":{"offset":90,"line":4,"column":8}}},{"kind":"Attribute","location":{"start":{"offset":90,"line":4,"column":8},"end":{"offset":99,"line":4,"column":17}},"name":"property"}]}
