main: 
  undefined {"entry":[{"kind":"Literal","location":{"start":{"offset":11,"line":1,"column":12},"end":{"offset":13,"line":1,"column":14}},"value":0},{"kind":"MakeRecord","location":{"start":{"offset":11,"line":1,"column":12},"end":{"offset":13,"line":1,"column":14}}},{"kind":"DeclareLocal","location":{"start":{"offset":0,"line":1,"column":1},"end":{"offset":13,"line":1,"column":14}},"name":"toto","mutable":false,"hasInitialValue":true},{"kind":"Pop","location":{"start":{"offset":0,"line":1,"column":1},"end":{"offset":13,"line":1,"column":14}},"inBlock":false},{"kind":"Local","location":{"start":{"offset":18,"line":2,"column":5},"end":{"offset":22,"line":2,"column":9}},"name":"toto"},{"kind":"Literal","value":"value"},{"kind":"SetAttribute","location":{"start":{"offset":14,"line":2,"column":1},"end":{"offset":41,"line":2,"column":28}},"name":"property","forceRender":true},{"kind":"Pop","location":{"start":{"offset":14,"line":2,"column":1},"end":{"offset":41,"line":2,"column":28}},"inBlock":false},{"kind":"Local","location":{"start":{"offset":42,"line":3,"column":1},"end":{"offset":46,"line":3,"column":5}},"name":"toto"},{"kind":"Attribute","location":{"start":{"offset":46,"line":3,"column":5},"end":{"offset":55,"line":3,"column":14}},"name":"property"}]}
