main: 
  Block
    Call
      Local {"name":"sync_or_async"}
      MakeArray
      MakeObject
