main: 
  undefined {"entry":[{"kind":"Try","location":{"start":{"offset":0,"line":1,"column":1},"end":{"offset":58,"line":6,"column":2}},"catchLabel":"try_catch_1","endTryLabel":"try_end_2"},{"kind":"ScopeEnter","location":{"start":{"offset":4,"line":1,"column":5},"end":{"offset":39,"line":4,"column":2}}},{"kind":"Literal","location":{"start":{"offset":21,"line":2,"column":16},"end":{"offset":23,"line":2,"column":18}},"value":0},{"kind":"MakeArray","location":{"start":{"offset":21,"line":2,"column":16},"end":{"offset":23,"line":2,"column":18}}},{"kind":"Literal","location":{"start":{"offset":21,"line":2,"column":16},"end":{"offset":23,"line":2,"column":18}},"value":0},{"kind":"MakeRecord","location":{"start":{"offset":21,"line":2,"column":16},"end":{"offset":23,"line":2,"column":18}}},{"kind":"Local","location":{"start":{"offset":10,"line":2,"column":5},"end":{"offset":21,"line":2,"column":16}},"name":"async_throw"},{"kind":"Call","location":{"start":{"offset":21,"line":2,"column":16},"end":{"offset":23,"line":2,"column":18}}},{"kind":"Pop","location":{"start":{"offset":4,"line":1,"column":5},"end":{"offset":39,"line":4,"column":2}},"inBlock":true},{"kind":"Literal","value":"end try"},{"kind":"ScopeLeave","location":{"start":{"offset":4,"line":1,"column":5},"end":{"offset":39,"line":4,"column":2}},"inBlock":true,"count":2},{"kind":"TryPop","location":{"start":{"offset":0,"line":1,"column":1},"end":{"offset":58,"line":6,"column":2}}},{"kind":"Jump","location":{"start":{"offset":0,"line":1,"column":1},"end":{"offset":58,"line":6,"column":2}},"label":"try_end_2"}],"try_catch_1":[{"kind":"ScopeEnter","location":{"start":{"offset":46,"line":4,"column":9},"end":{"offset":58,"line":6,"column":2}}},{"kind":"Literal","value":"ok"},{"kind":"ScopeLeave","location":{"start":{"offset":46,"line":4,"column":9},"end":{"offset":58,"line":6,"column":2}},"inBlock":true,"count":1},{"kind":"Jump","location":{"start":{"offset":0,"line":1,"column":1},"end":{"offset":58,"line":6,"column":2}},"label":"try_end_2"}],"try_end_2":[]}
