main: 
  undefined {"entry":[{"kind":"Try","location":{"start":{"offset":0,"line":1,"column":1},"end":{"offset":78,"line":7,"column":2}},"catchLabel":"try_catch_1","endTryLabel":"try_end_2"},{"kind":"ScopeEnter","location":{"start":{"offset":4,"line":1,"column":5},"end":{"offset":59,"line":5,"column":2}}},{"kind":"Literal","location":{"start":{"offset":20,"line":2,"column":15},"end":{"offset":22,"line":2,"column":17}},"value":0},{"kind":"MakeArray","location":{"start":{"offset":20,"line":2,"column":15},"end":{"offset":22,"line":2,"column":17}}},{"kind":"Literal","location":{"start":{"offset":20,"line":2,"column":15},"end":{"offset":22,"line":2,"column":17}},"value":0},{"kind":"MakeRecord","location":{"start":{"offset":20,"line":2,"column":15},"end":{"offset":22,"line":2,"column":17}}},{"kind":"Local","location":{"start":{"offset":10,"line":2,"column":5},"end":{"offset":20,"line":2,"column":15}},"name":"only_async"},{"kind":"Call","location":{"start":{"offset":20,"line":2,"column":15},"end":{"offset":22,"line":2,"column":17}}},{"kind":"Pop","location":{"start":{"offset":4,"line":1,"column":5},"end":{"offset":59,"line":5,"column":2}},"inBlock":true},{"kind":"Local","location":{"start":{"offset":27,"line":3,"column":5},"end":{"offset":43,"line":3,"column":21}},"name":"unknown_variable"},{"kind":"Pop","location":{"start":{"offset":4,"line":1,"column":5},"end":{"offset":59,"line":5,"column":2}},"inBlock":true},{"kind":"Literal","value":"end try"},{"kind":"ScopeLeave","location":{"start":{"offset":4,"line":1,"column":5},"end":{"offset":59,"line":5,"column":2}},"inBlock":true,"count":3},{"kind":"TryPop","location":{"start":{"offset":0,"line":1,"column":1},"end":{"offset":78,"line":7,"column":2}}},{"kind":"Jump","location":{"start":{"offset":0,"line":1,"column":1},"end":{"offset":78,"line":7,"column":2}},"label":"try_end_2"}],"try_catch_1":[{"kind":"ScopeEnter","location":{"start":{"offset":66,"line":5,"column":9},"end":{"offset":78,"line":7,"column":2}}},{"kind":"Literal","value":"ok"},{"kind":"ScopeLeave","location":{"start":{"offset":66,"line":5,"column":9},"end":{"offset":78,"line":7,"column":2}},"inBlock":true,"count":1},{"kind":"Jump","location":{"start":{"offset":0,"line":1,"column":1},"end":{"offset":78,"line":7,"column":2}},"label":"try_end_2"}],"try_end_2":[]}
