main: 
  undefined {"entry":[{"kind":"Literal","location":{"start":{"offset":13,"line":1,"column":14},"end":{"offset":15,"line":1,"column":16}},"value":0},{"kind":"MakeArray","location":{"start":{"offset":13,"line":1,"column":14},"end":{"offset":15,"line":1,"column":16}}},{"kind":"Literal","location":{"start":{"offset":13,"line":1,"column":14},"end":{"offset":15,"line":1,"column":16}},"value":0},{"kind":"MakeRecord","location":{"start":{"offset":13,"line":1,"column":14},"end":{"offset":15,"line":1,"column":16}}},{"kind":"Local","location":{"start":{"offset":0,"line":1,"column":1},"end":{"offset":13,"line":1,"column":14}},"name":"sync_or_async"},{"kind":"Call","location":{"start":{"offset":13,"line":1,"column":14},"end":{"offset":15,"line":1,"column":16}}}]}
