main: 
  Block
    DeclareLocal {"name":"a","mutable":true}
      Literal {"value":1}
    DeclareLocal {"name":"b","mutable":true}
      Literal {"value":1}
    Condition
      Literal {"value":true}
      Block
        SetLocal {"name":"a"}
          Literal {"value":2}
      Block
        SetLocal {"name":"b"}
          Literal {"value":2}
    Local {"name":"a"}
    Local {"name":"b"}
