main: 
  undefined {"entry":[{"kind":"Literal","value":1},{"kind":"DeclareLocal","location":{"start":{"offset":0,"line":1,"column":1},"end":{"offset":9,"line":1,"column":10}},"name":"a","mutable":true,"hasInitialValue":true},{"kind":"Pop","location":{"start":{"offset":0,"line":1,"column":1},"end":{"offset":9,"line":1,"column":10}},"inBlock":false},{"kind":"Literal","value":1},{"kind":"DeclareLocal","location":{"start":{"offset":10,"line":2,"column":1},"end":{"offset":19,"line":2,"column":10}},"name":"b","mutable":true,"hasInitialValue":true},{"kind":"Pop","location":{"start":{"offset":10,"line":2,"column":1},"end":{"offset":19,"line":2,"column":10}},"inBlock":false},{"kind":"Literal","value":false},{"kind":"JumpTrue","location":{"start":{"offset":20,"line":3,"column":1},"end":{"offset":48,"line":5,"column":2}},"label":"if_true_1"},{"kind":"Jump","location":{"start":{"offset":20,"line":3,"column":1},"end":{"offset":48,"line":5,"column":2}},"label":"if_false_2"}],"if_true_1":[{"kind":"ScopeEnter","location":{"start":{"offset":31,"line":3,"column":12},"end":{"offset":48,"line":5,"column":2}}},{"kind":"Literal","value":2},{"kind":"SetLocal","location":{"start":{"offset":37,"line":4,"column":5},"end":{"offset":46,"line":4,"column":14}},"name":"a"},{"kind":"ScopeLeave","location":{"start":{"offset":31,"line":3,"column":12},"end":{"offset":48,"line":5,"column":2}},"inBlock":true,"count":1},{"kind":"Jump","location":{"start":{"offset":20,"line":3,"column":1},"end":{"offset":48,"line":5,"column":2}},"label":"if_end_3"}],"if_false_2":[{"kind":"Jump","location":{"start":{"offset":20,"line":3,"column":1},"end":{"offset":48,"line":5,"column":2}},"label":"if_end_3"}],"if_end_3":[{"kind":"Pop","location":{"start":{"offset":20,"line":3,"column":1},"end":{"offset":48,"line":5,"column":2}},"inBlock":false},{"kind":"Local","location":{"start":{"offset":49,"line":6,"column":1},"end":{"offset":50,"line":6,"column":2}},"name":"a"},{"kind":"Pop","location":{"start":{"offset":49,"line":6,"column":1},"end":{"offset":50,"line":6,"column":2}},"inBlock":false},{"kind":"Local","location":{"start":{"offset":51,"line":7,"column":1},"end":{"offset":52,"line":7,"column":2}},"name":"b"}]}
