<void>
{
  "add": {
    "name": "func_0",
    "ctx": "<RuntimeContext>"
  }
}
