main: 
  undefined {"entry":[{"kind":"Import","location":{"start":{"offset":12,"line":1,"column":13},"end":{"offset":61,"line":1,"column":62}},"path":"./test-sources/module-definition-001.tas"},{"kind":"DeclareLocal","location":{"start":{"offset":0,"line":1,"column":1},"end":{"offset":61,"line":1,"column":62}},"name":"mylib","mutable":false,"hasInitialValue":true},{"kind":"Pop","location":{"start":{"offset":0,"line":1,"column":1},"end":{"offset":61,"line":1,"column":62}},"inBlock":false},{"kind":"Literal","value":40},{"kind":"Literal","value":2},{"kind":"Literal","location":{"start":{"offset":74,"line":3,"column":10},"end":{"offset":81,"line":3,"column":17}},"value":2},{"kind":"MakeArray","location":{"start":{"offset":74,"line":3,"column":10},"end":{"offset":81,"line":3,"column":17}}},{"kind":"Literal","location":{"start":{"offset":74,"line":3,"column":10},"end":{"offset":81,"line":3,"column":17}},"value":0},{"kind":"MakeRecord","location":{"start":{"offset":74,"line":3,"column":10},"end":{"offset":81,"line":3,"column":17}}},{"kind":"Local","location":{"start":{"offset":65,"line":3,"column":1},"end":{"offset":70,"line":3,"column":6}},"name":"mylib"},{"kind":"Attribute","location":{"start":{"offset":70,"line":3,"column":6},"end":{"offset":74,"line":3,"column":10}},"name":"add"},{"kind":"Call","location":{"start":{"offset":74,"line":3,"column":10},"end":{"offset":81,"line":3,"column":17}}}]}
