<error: 'import not allowed in synchronous expression'>
<error: 'Local not found: mylib'>
