func_0: 
  Block
    Provided
      Literal {"value":"http.timeoutMs"}
main: 
  Block
    DeclareLocal {"name":"usingProvidedValue","mutable":false}
      FunctionRef {"name":"func_0"}
    Provide
      Literal {"value":"http.timeoutMs"}
      Literal {"value":250}
      Block
        Call
          Local {"name":"usingProvidedValue"}
          MakeArray
          MakeObject
