func_0: letter
  BLOCK
    LITERAL {"value":4}
main: 
  BLOCK
    DECLARE_LOCAL {"name":"letterToNumber","mutable":false}
      FUNCTION_REF {"name":"func_0"}
    CALL
      LOCAL {"name":"letterToNumber"}
      MAKE_ARRAY
        LITERAL {"value":"a"}
      MAKE_OBJECT
    CALL
      LOCAL {"name":"letterToNumber"}
      MAKE_ARRAY
        LITERAL {"value":"b"}
      MAKE_OBJECT
    CALL
      LOCAL {"name":"letterToNumber"}
      MAKE_ARRAY
        LITERAL {"value":"c"}
      MAKE_OBJECT
    CALL
      LOCAL {"name":"letterToNumber"}
      MAKE_ARRAY
        LITERAL {"value":"d"}
      MAKE_OBJECT
