func_0: letter
  BLOCK
    CONDITION
      INTRINSIC {"operation":"INTRINSIC_EQUAL_STRICT"}
        LOCAL {"name":"letter"}
        LITERAL {"value":"a"}
      LITERAL {"value":1}
      CONDITION
        INTRINSIC {"operation":"INTRINSIC_EQUAL_STRICT"}
          LOCAL {"name":"letter"}
          LITERAL {"value":"b"}
        LITERAL {"value":2}
        CONDITION
          INTRINSIC {"operation":"INTRINSIC_EQUAL_STRICT"}
            LOCAL {"name":"letter"}
            LITERAL {"value":"c"}
          LITERAL {"value":3}
          LITERAL {"value":4}
main: 
  BLOCK
    DECLARE_LOCAL {"name":"letterToNumber","mutable":false}
      FUNCTION_REF {"name":"func_0"}
    CALL
      LOCAL {"name":"letterToNumber"}
      MAKE_ARRAY
        LITERAL {"value":"a"}
      MAKE_OBJECT
    CALL
      LOCAL {"name":"letterToNumber"}
      MAKE_ARRAY
        LITERAL {"value":"b"}
      MAKE_OBJECT
    CALL
      LOCAL {"name":"letterToNumber"}
      MAKE_ARRAY
        LITERAL {"value":"c"}
      MAKE_OBJECT
    CALL
      LOCAL {"name":"letterToNumber"}
      MAKE_ARRAY
        LITERAL {"value":"d"}
      MAKE_OBJECT
