func_0: letter
  Block
    Condition
      Intrinsic {"operation":"INTRINSIC_EQUAL_STRICT"}
        Local {"name":"letter"}
        Literal {"value":"a"}
      Literal {"value":1}
      Condition
        Intrinsic {"operation":"INTRINSIC_EQUAL_STRICT"}
          Local {"name":"letter"}
          Literal {"value":"b"}
        Literal {"value":2}
        Condition
          Intrinsic {"operation":"INTRINSIC_EQUAL_STRICT"}
            Local {"name":"letter"}
            Literal {"value":"c"}
          Literal {"value":3}
main: 
  Block
    DeclareLocal {"name":"letterToNumber","mutable":false}
      FunctionRef {"name":"func_0"}
    Call
      Local {"name":"letterToNumber"}
      MakeArray
        Literal {"value":"a"}
      MakeObject
    Call
      Local {"name":"letterToNumber"}
      MakeArray
        Literal {"value":"b"}
      MakeObject
    Call
      Local {"name":"letterToNumber"}
      MakeArray
        Literal {"value":"c"}
      MakeObject
    Call
      Local {"name":"letterToNumber"}
      MakeArray
        Literal {"value":"d"}
      MakeObject
