main: 
  undefined {"entry":[{"kind":"FunctionRef","location":{"start":{"offset":0,"line":1,"column":1},"end":{"offset":33,"line":1,"column":34}},"name":"func_0"},{"kind":"DeclareLocal","location":{"start":{"offset":0,"line":1,"column":1},"end":{"offset":33,"line":1,"column":34}},"name":"sub_function","mutable":false,"hasInitialValue":true},{"kind":"Pop","location":{"start":{"offset":0,"line":1,"column":1},"end":{"offset":33,"line":1,"column":34}},"inBlock":false},{"kind":"FunctionRef","location":{"start":{"offset":37,"line":3,"column":1},"end":{"offset":103,"line":6,"column":2}},"name":"func_1"},{"kind":"DeclareLocal","location":{"start":{"offset":37,"line":3,"column":1},"end":{"offset":103,"line":6,"column":2}},"name":"root_function","mutable":false,"hasInitialValue":true},{"kind":"Pop","location":{"start":{"offset":37,"line":3,"column":1},"end":{"offset":103,"line":6,"column":2}},"inBlock":false},{"kind":"Literal","location":{"start":{"offset":120,"line":8,"column":14},"end":{"offset":122,"line":8,"column":16}},"value":0},{"kind":"MakeArray","location":{"start":{"offset":120,"line":8,"column":14},"end":{"offset":122,"line":8,"column":16}}},{"kind":"Literal","location":{"start":{"offset":120,"line":8,"column":14},"end":{"offset":122,"line":8,"column":16}},"value":0},{"kind":"MakeRecord","location":{"start":{"offset":120,"line":8,"column":14},"end":{"offset":122,"line":8,"column":16}}},{"kind":"Local","location":{"start":{"offset":107,"line":8,"column":1},"end":{"offset":120,"line":8,"column":14}},"name":"root_function"},{"kind":"Call","location":{"start":{"offset":120,"line":8,"column":14},"end":{"offset":122,"line":8,"column":16}}}]}
func_0: value
  undefined {"entry":[{"kind":"Local","location":{"start":{"offset":26,"line":1,"column":27},"end":{"offset":31,"line":1,"column":32}},"name":"value"},{"kind":"MakeArrayForBlock","location":{"start":{"offset":24,"line":1,"column":25},"end":{"offset":33,"line":1,"column":34}},"count":1}]}
func_1: 
  undefined {"entry":[{"kind":"Literal","value":"b"},{"kind":"DeclareLocal","location":{"start":{"offset":62,"line":4,"column":3},"end":{"offset":77,"line":4,"column":18}},"name":"value","mutable":false,"hasInitialValue":true},{"kind":"Pop","location":{"start":{"offset":57,"line":3,"column":21},"end":{"offset":103,"line":6,"column":2}},"inBlock":true},{"kind":"Local","location":{"start":{"offset":94,"line":5,"column":16},"end":{"offset":99,"line":5,"column":21}},"name":"value"},{"kind":"Literal","location":{"start":{"offset":93,"line":5,"column":15},"end":{"offset":100,"line":5,"column":22}},"value":1},{"kind":"MakeArray","location":{"start":{"offset":93,"line":5,"column":15},"end":{"offset":100,"line":5,"column":22}}},{"kind":"Literal","location":{"start":{"offset":93,"line":5,"column":15},"end":{"offset":100,"line":5,"column":22}},"value":0},{"kind":"MakeRecord","location":{"start":{"offset":93,"line":5,"column":15},"end":{"offset":100,"line":5,"column":22}}},{"kind":"Local","location":{"start":{"offset":81,"line":5,"column":3},"end":{"offset":93,"line":5,"column":15}},"name":"sub_function"},{"kind":"Call","location":{"start":{"offset":93,"line":5,"column":15},"end":{"offset":100,"line":5,"column":22}}},{"kind":"MakeArrayForBlock","location":{"start":{"offset":57,"line":3,"column":21},"end":{"offset":103,"line":6,"column":2}},"count":2}]}
