main: 
  Block
    DeclareLocal {"name":"a","mutable":false}
      Literal {"value":"a1"}
    SetLocal {"name":"b"}
      Literal {"value":"b1"}
    DeclareLocal {"name":"c","mutable":true}
      Literal {"value":"c1"}
    Local {"name":"a"}
    Local {"name":"b"}
    Local {"name":"c"}
    DeclareLocal {"name":"a","mutable":false}
      Literal {"value":"a2"}
    SetLocal {"name":"b"}
      Literal {"value":"b2"}
    DeclareLocal {"name":"c","mutable":true}
      Literal {"value":"c2"}
    Local {"name":"a"}
    Local {"name":"b"}
    Local {"name":"c"}
    SetLocal {"name":"a"}
      Literal {"value":"a3"}
    SetLocal {"name":"b"}
      Literal {"value":"b3"}
    SetLocal {"name":"c"}
      Literal {"value":"c3"}
    Local {"name":"a"}
    Local {"name":"b"}
    Local {"name":"c"}
