main: 
  undefined {"entry":[{"kind":"FunctionRef","location":{"start":{"offset":0,"line":1,"column":1},"end":{"offset":44,"line":3,"column":2}},"name":"func_0"},{"kind":"DeclareLocal","location":{"start":{"offset":0,"line":1,"column":1},"end":{"offset":44,"line":3,"column":2}},"name":"root_function","mutable":false,"hasInitialValue":true},{"kind":"Pop","location":{"start":{"offset":0,"line":1,"column":1},"end":{"offset":44,"line":3,"column":2}},"inBlock":false},{"kind":"Literal","value":"a"},{"kind":"Literal","location":{"start":{"offset":69,"line":5,"column":22},"end":{"offset":74,"line":5,"column":27}},"value":1},{"kind":"MakeArray","location":{"start":{"offset":69,"line":5,"column":22},"end":{"offset":74,"line":5,"column":27}}},{"kind":"Literal","location":{"start":{"offset":69,"line":5,"column":22},"end":{"offset":74,"line":5,"column":27}},"value":0},{"kind":"MakeRecord","location":{"start":{"offset":69,"line":5,"column":22},"end":{"offset":74,"line":5,"column":27}}},{"kind":"Local","location":{"start":{"offset":56,"line":5,"column":9},"end":{"offset":69,"line":5,"column":22}},"name":"root_function"},{"kind":"Call","location":{"start":{"offset":69,"line":5,"column":22},"end":{"offset":74,"line":5,"column":27}}},{"kind":"DeclareLocal","location":{"start":{"offset":48,"line":5,"column":1},"end":{"offset":74,"line":5,"column":27}},"name":"a","mutable":false,"hasInitialValue":true},{"kind":"Pop","location":{"start":{"offset":48,"line":5,"column":1},"end":{"offset":74,"line":5,"column":27}},"inBlock":false},{"kind":"Literal","value":"b"},{"kind":"Literal","location":{"start":{"offset":97,"line":6,"column":22},"end":{"offset":102,"line":6,"column":27}},"value":1},{"kind":"MakeArray","location":{"start":{"offset":97,"line":6,"column":22},"end":{"offset":102,"line":6,"column":27}}},{"kind":"Literal","location":{"start":{"offset":97,"line":6,"column":22},"end":{"offset":102,"line":6,"column":27}},"value":0},{"kind":"MakeRecord","location":{"start":{"offset":97,"line":6,"column":22},"end":{"offset":102,"line":6,"column":27}}},{"kind":"Local","location":{"start":{"offset":84,"line":6,"column":9},"end":{"offset":97,"line":6,"column":22}},"name":"root_function"},{"kind":"Call","location":{"start":{"offset":97,"line":6,"column":22},"end":{"offset":102,"line":6,"column":27}}},{"kind":"DeclareLocal","location":{"start":{"offset":76,"line":6,"column":1},"end":{"offset":102,"line":6,"column":27}},"name":"b","mutable":false,"hasInitialValue":true},{"kind":"Pop","location":{"start":{"offset":76,"line":6,"column":1},"end":{"offset":102,"line":6,"column":27}},"inBlock":false},{"kind":"Literal","location":{"start":{"offset":105,"line":7,"column":2},"end":{"offset":107,"line":7,"column":4}},"value":0},{"kind":"MakeArray","location":{"start":{"offset":105,"line":7,"column":2},"end":{"offset":107,"line":7,"column":4}}},{"kind":"Literal","location":{"start":{"offset":105,"line":7,"column":2},"end":{"offset":107,"line":7,"column":4}},"value":0},{"kind":"MakeRecord","location":{"start":{"offset":105,"line":7,"column":2},"end":{"offset":107,"line":7,"column":4}}},{"kind":"Local","location":{"start":{"offset":104,"line":7,"column":1},"end":{"offset":105,"line":7,"column":2}},"name":"a"},{"kind":"Call","location":{"start":{"offset":105,"line":7,"column":2},"end":{"offset":107,"line":7,"column":4}}},{"kind":"Pop","location":{"start":{"offset":105,"line":7,"column":2},"end":{"offset":107,"line":7,"column":4}},"inBlock":false},{"kind":"Literal","location":{"start":{"offset":110,"line":8,"column":2},"end":{"offset":112,"line":8,"column":4}},"value":0},{"kind":"MakeArray","location":{"start":{"offset":110,"line":8,"column":2},"end":{"offset":112,"line":8,"column":4}}},{"kind":"Literal","location":{"start":{"offset":110,"line":8,"column":2},"end":{"offset":112,"line":8,"column":4}},"value":0},{"kind":"MakeRecord","location":{"start":{"offset":110,"line":8,"column":2},"end":{"offset":112,"line":8,"column":4}}},{"kind":"Local","location":{"start":{"offset":109,"line":8,"column":1},"end":{"offset":110,"line":8,"column":2}},"name":"b"},{"kind":"Call","location":{"start":{"offset":110,"line":8,"column":2},"end":{"offset":112,"line":8,"column":4}}}]}
func_0: value
  undefined {"entry":[{"kind":"FunctionRef","location":{"start":{"offset":30,"line":2,"column":3},"end":{"offset":41,"line":2,"column":14}},"name":"func_1"},{"kind":"MakeArrayForBlock","location":{"start":{"offset":25,"line":1,"column":26},"end":{"offset":44,"line":3,"column":2}},"count":1}]}
func_1: 
  undefined {"entry":[{"kind":"Local","location":{"start":{"offset":36,"line":2,"column":9},"end":{"offset":41,"line":2,"column":14}},"name":"value"}]}
