<program>
  <assign>
    <index>
      <local />
      <local />
    </index>
    <literal />
  </assign>
</program>
