[
  {
    "kind": "BlockOfExpressions",
    "children": [
      "a",
      "b"
    ]
  }
]