[
  {
    "kind": "Export",
    "expr": {
      "kind": "DeclareLocal",
      "mutable": false,
      "name": "TOKEN",
      "value": "token"
    }
  },
  {
    "kind": "Export",
    "expr": {
      "kind": "DeclareLocal",
      "mutable": false,
      "name": "t",
      "value": {
        "kind": "Function",
        "body": {
          "kind": "BlockOfExpressions",
          "children": [
            {
              "kind": "KindedObject",
              "value": {
                "kind": {
                  "kind": "Local",
                  "name": "Text"
                },
                "text": {
                  "kind": "Local",
                  "name": "text"
                }
              }
            }
          ]
        },
        "parameters": [
          "text"
        ]
      }
    }
  }
]