<program>
  <declarelocal>
    <import />
  </declarelocal>
  <call>
    <attribute>
      <local />
    </attribute>
  </call>
</program>
