[
  {
    "kind": "Switch",
    "value": null,
    "branches": [
      {
        "kind": "SwitchBranch",
        "comparator": {
          "kind": "Local",
          "name": "expr1"
        },
        "value": {
          "kind": "Local",
          "name": "value1"
        }
      },
      {
        "kind": "SwitchBranch",
        "comparator": {
          "kind": "Local",
          "name": "expr2"
        },
        "value": {
          "kind": "Local",
          "name": "value2"
        }
      }
    ],
    "defaultBranch": {
      "value": {
        "kind": "Local",
        "name": "defaultValue"
      }
    }
  }
]